

Wed Jan 11 10:50:14 2023
Command line: TestDisk

TestDisk 7.0, Data Recovery Utility, April 2015
Christophe GRENIER <grenier@cgsecurity.org>
http://www.cgsecurity.org
OS: Linux, kernel 5.4.0-136-generic (#153~18.04.1-Ubuntu SMP Wed Nov 30 15:47:57 UTC 2022) x86_64
Compiler: GCC 7.2
ext2fs lib: 1.44.1, ntfs lib: libntfs-3g, reiserfs lib: none, ewf lib: none, curses lib: ncurses 6.0
/dev/sda: LBA, HPA, LBA48, DCO support
/dev/sda: size       1953525168 sectors
/dev/sda: user_max   1953525168 sectors
/dev/sda: native_max 1953525168 sectors
/dev/sdb: LBA, HPA, LBA48, DCO support
/dev/sdb: size       1953525168 sectors
/dev/sdb: user_max   1953525168 sectors
/dev/sdb: native_max 1953525168 sectors
Warning: can't get size for Disk /dev/mapper/control - 0 B - 0 sectors, sector size=512
Hard disk list
Disk /dev/sda - 1000 GB / 931 GiB - CHS 121601 255 63, sector size=512 - Samsung SSD 860 EVO 1TB, S/N:S4BDNS0N702263N, FW:RVT04B6Q
Disk /dev/sdb - 1000 GB / 931 GiB - CHS 121601 255 63, sector size=512 - WDC WD10EZEX-22MFCA0, S/N:WD-WCC6Y5SNDU09, FW:01.01A01

Partition table type (auto): EFI GPT
Disk /dev/sda - 1000 GB / 931 GiB - Samsung SSD 860 EVO 1TB
Partition table type: EFI GPT
Partition table type (auto): EFI GPT
Disk /dev/sdb - 1000 GB / 931 GiB - WDC WD10EZEX-22MFCA0
Partition table type: EFI GPT
Partition table type (auto): EFI GPT
Partition table type (auto): EFI GPT
Disk /dev/sda - 1000 GB / 931 GiB - Samsung SSD 860 EVO 1TB
Partition table type: None

Interface Advanced
   P Unknown                  0   0  1 121601  80 63 1953525168
Change partition type:
   P Unknown                  0   0  1 121601  80 63 1953525168
Partition table type (auto): EFI GPT
Disk /dev/sdb - 1000 GB / 931 GiB - WDC WD10EZEX-22MFCA0
Partition table type: None

Interface Advanced
   P Unknown                  0   0  1 121601  80 63 1953525168
Partition table type (auto): EFI GPT
Disk /dev/sda - 1000 GB / 931 GiB - Samsung SSD 860 EVO 1TB
Partition table type: None

Interface Advanced
   P Unknown                  0   0  1 121601  80 63 1953525168

TestDisk exited normally.
